SAR59.10.tr1	ER_Nucl
SAR59.10.tr2	ER_Nucl
SAR59.11.tr1	CHX_NOER_Nucl
SAR59.11.tr2	CHX_NOER_Nucl
SAR59.12.tr1	CHX_ER_Nucl
SAR59.12.tr2	CHX_ER_Nucl
MUC5695_S1.tr1	LTC_Cyto
MUC5695_S1.tr2	LTC_Cyto
MUC5695_S1.tr3	LTC_Cyto
MUC5696_S2.tr1	LTC_Nucl
MUC5696_S2.tr2	LTC_Nucl
MUC5696_S2.tr3	LTC_Nucl
MUC5697_S3.tr1	LTC_Cyto
MUC5697_S3.tr2	LTC_Cyto
MUC5697_S3.tr3	LTC_Cyto
MUC5698_S4.tr1	LTC_Nucl
MUC5698_S4.tr2	LTC_Nucl
MUC5698_S4.tr3	LTC_Nucl
MUC5699_S5.tr1	LTC_Cyto
MUC5699_S5.tr2	LTC_Cyto
MUC5699_S5.tr3	LTC_Cyto
MUC5700_S6.tr1	LTC_Nucl
MUC5700_S6.tr2	LTC_Nucl
MUC5700_S6.tr3	LTC_Nucl
MUC5701_S7.tr1	CHX_NOER_Cyto
MUC5701_S7.tr2	CHX_NOER_Cyto
MUC5701_S7.tr3	CHX_NOER_Cyto
MUC5702_S8.tr1	CHX_NOER_Nucl
MUC5702_S8.tr2	CHX_NOER_Nucl
MUC5702_S8.tr3	CHX_NOER_Nucl
MUC5703_S9.tr1	CHX_ER_Cyto
MUC5703_S9.tr2	CHX_ER_Cyto
MUC5703_S9.tr3	CHX_ER_Cyto
MUC5704_S10.tr1	CHX_ER_Nucl
MUC5704_S10.tr2	CHX_ER_Nucl
MUC5704_S10.tr3	CHX_ER_Nucl
MUC5705_S11.tr1	NOER_Cyto
MUC5705_S11.tr2	NOER_Cyto
MUC5705_S11.tr3	NOER_Cyto
MUC5706_S12.tr1	NOER_Nucl
MUC5706_S12.tr2	NOER_Nucl
MUC5706_S12.tr3	NOER_Nucl
MUC5707_S13.tr1	ER_Cyto
MUC5707_S13.tr2	ER_Cyto
MUC5707_S13.tr3	ER_Cyto
MUC5708_S14.tr1	ER_Nucl
MUC5708_S14.tr2	ER_Nucl
MUC5708_S14.tr3	ER_Nucl
MUC3772_S58.tr1	NOER_cyto
MUC3772_S58.tr2	NOER_cyto
MUC3772_S58.tr3	NOER_cyto
MUC3773_S59.tr1	NOER_cyto
MUC3773_S59.tr2	NOER_cyto
MUC3773_S59.tr3	NOER_cyto
MUC3775_S61.tr1	ER_cyto
MUC3775_S61.tr2	ER_cyto
MUC3775_S61.tr3	ER_cyto
MUC3776_S62.tr1	ER_cyto
MUC3776_S62.tr2	ER_cyto
MUC3776_S62.tr3	ER_cyto
MUC3778_S64.tr1	CHX_NOER_cyto
MUC3778_S64.tr2	CHX_NOER_cyto
MUC3778_S64.tr3	CHX_NOER_cyto
MUC3779_S65.tr1	CHX_NOER_cyto
MUC3779_S65.tr2	CHX_NOER_cyto
MUC3779_S65.tr3	CHX_NOER_cyto
MUC3781_S67.tr1	CHX_ER_cyto
MUC3781_S67.tr2	CHX_ER_cyto
MUC3781_S67.tr3	CHX_ER_cyto
MUC3782_S68.tr1	CHX_ER_cyto
MUC3782_S68.tr2	CHX_ER_cyto
MUC3782_S68.tr3	CHX_ER_cyto
SAR59.5.tr1	NOER_Nucl
SAR59.5.tr2	NOER_Nucl
SAR59.6.tr1	ER_Nucl
SAR59.6.tr2	ER_Nucl
SAR59.7.tr1	CHX_NOER_Nucl
SAR59.7.tr2	CHX_NOER_Nucl
SAR59.8.tr1	CHX_ER_Nucl
SAR59.8.tr2	CHX_ER_Nucl
SAR59.9.tr1	NOER_Nucl
SAR59.9.tr2	NOER_Nucl
